// Jest Snapshot v1, https://goo.gl/fbAQLP

exports[`isomorphic-piwik posts a basic report with an empty object 1`] = `
Array [
  Array [
    "localhost/piwik.php?apiv=1&idSite=1&rec=1&url=%2F",
    Object {
      "method": "post",
    },
  ],
]
`;

exports[`isomorphic-piwik posts a basic report without an empty object 1`] = `
Array [
  Array [
    "localhost/piwik.php?apiv=1&idSite=1&rec=1&url=%2F",
    Object {
      "method": "post",
    },
  ],
]
`;
